[www.lookgreatnaked.com/index.html]
[backblue.gif]
[fade.gif]
[index.html]
[www.lookgreatnaked.com/favicon.ico]
[www.lookgreatnaked.com/flowplayer/example/flowplayer-3.1.4.min.js]
[www.lookgreatnaked.com/index-2.html]
[www.lookgreatnaked.com/images/layout/logo.jpg]
[www.lookgreatnaked.com/newsletter.html]
[www.lookgreatnaked.com/about_brad.html]
[www.lookgreatnaked.com/fitness_articles_by_brad_schoenfeld.html]
[www.lookgreatnaked.com/products.html]
[www.lookgreatnaked.com/media_and_press.html]
[www.lookgreatnaked.com/blog/index.html]
[www.lookgreatnaked.com/testimonials.html]
[www.lookgreatnaked.com/contact_brad.html]
[www.lookgreatnaked.com/images/layout/slogan.png]
[www.lookgreatnaked.com/images/layout/search_button.png]
[www.lookgreatnaked.com/images/layout/latest_post.png]
[www.lookgreatnaked.com/blog/wp-content/themes/white-buck/images/more_button.png]
[www.lookgreatnaked.com/blog/do-you-have-to-add-load-to-the-bar-to-build-muscle/index.html]
[www.lookgreatnaked.com/images/layout/about_brad.png]
[www.lookgreatnaked.com/images/layout/more_button.png]
[www.lookgreatnaked.com/images/layout/clients.png]
[www.lookgreatnaked.com/images/layout/fb.png]
[www.lookgreatnaked.com/images/layout/tw.png]
[www.lookgreatnaked.com/images/layout/in.png]
[www.lookgreatnaked.com/images/layout/yt.png]
[www.lookgreatnaked.com/index.html]
[www.lookgreatnaked.com/images/layout/top_main.jpg]
[www.lookgreatnaked.com/images/layout/pattern.18.delayed]
[www.lookgreatnaked.com/images/layout/menu_bg.png]
[www.lookgreatnaked.com/images/layout/separator.png]
[www.lookgreatnaked.com/images/layout/search_bar.png]
[www.lookgreatnaked.com/images/layout/footer_bg.png]
[www.lookgreatnaked.com/css/styles.css]
[www.lookgreatnaked.com/index-2.html]
[www.lookgreatnaked.com/newsletter.html]
[www.lookgreatnaked.com/images/layout/brad.gif]
[www.lookgreatnaked.com/images/layout/bradheadshot1s.jpg]
[www.lookgreatnaked.com/about_brad.html]
[www.lookgreatnaked.com/images/layout/fitness_articles.png]
[www.lookgreatnaked.com/articles/accentuating_muscular_development_through_active_insufficiency.pdf]
[www.lookgreatnaked.com/articles/applications_of_kettlebells_in_exercise_program_design.pdf]
[www.lookgreatnaked.com/articles/are_all_hip_extension_exercises_created_equal.pdf]
[www.lookgreatnaked.com/articles/are_deep_squats_a_safe_and_viable_exercise.pdf]
[www.lookgreatnaked.com/articles/the_biomechanics_of_squat_depth.pdf]
[www.lookgreatnaked.com/articles/barbell_hip_thrust.pdf]
[www.lookgreatnaked.com/articles/do_single_joint_exercises_enhance_functional_fitness.pdf]
[www.lookgreatnaked.com/articles/does_cardio_after_an_overnight_fast_maximize_fat_loss.pdf]
[www.lookgreatnaked.com/articles/does_exercise_induced_muscle_damage_play_a_role_in_skeletal_muscle_hypertrophy.pdf]
[www.lookgreatnaked.com/articles/effect_of_exercise_on_appetite_regulating_hormones_in_overweight_women.pdf]
[www.lookgreatnaked.com/articles/effect_of_hand_position_on_EMG_activity_of_the_posterior_shoulder_musculature.pdf]
[www.lookgreatnaked.com/articles/exercise and blood flow restriction.pdf]
[www.lookgreatnaked.com/articles/high_intensity_interval_training.pdf]
[www.lookgreatnaked.com/articles/is_functional_training_really_functional.pdf]
[www.lookgreatnaked.com/articles/is_muscle_soreness_indicative_of_muscle_development.pdf]
[www.lookgreatnaked.com/articles/is_there_a_minimum_threshold_of_resistance_training_intensity_for_hypertrophic_adaptations.pdf]
[www.lookgreatnaked.com/articles/omega3_fatty_acids_a_novel_fat_burner.pdf]
[www.lookgreatnaked.com/articles/omega-3_fatty_acids_and_exercise.pdf]
[www.lookgreatnaked.com/articles/postexercise_hypertrophic_adaptations.pdf]
[www.lookgreatnaked.com/articles/post_rehabilitation_exercise_considerations_following_hip_arthroplasty.pdf]
[www.lookgreatnaked.com/articles/potential_mechanisms_for_ a_role_of_metabolic_stress_in_hypertrophic_adaptations_to_resistance_training.pdf]
[www.lookgreatnaked.com/articles/resistance_training_promotes_increase_in_intracellular_hydration_in_men_and_women.pdf]
[www.lookgreatnaked.com/articles/squatting_kinematics_and_kinetics.pdf]
[www.lookgreatnaked.com/articles/biomechanics_of_the_Pushup.pdf]
[www.lookgreatnaked.com/articles/long_lever_posterior_tilt_plank.pdf]
[www.lookgreatnaked.com/articles/mechanisms_of_muscle_hypertrophy.pdf]
[www.lookgreatnaked.com/articles/the_muscle_pump.pdf]
[www.lookgreatnaked.com/articles/the_role_of_fiber_types_in_muscle_hypertrophy.pdf]
[www.lookgreatnaked.com/articles/use_of_NSAIDs_for_exercise_induced_muscle_damage.pdf]
[www.lookgreatnaked.com/articles/use_of_specialized_training_techniques.pdf]
[www.lookgreatnaked.com/articles/to_crunch_or_not_to_crunch.pdf]
[www.lookgreatnaked.com/articles/upright_row_implications_for_preventing_subacromial_impingement.pdf]
[www.lookgreatnaked.com/fitness_articles_by_brad_schoenfeld.html]
[www.lookgreatnaked.com/blog/wp-content/themes/white-buck/images/logo.jpg]
[www.lookgreatnaked.com/blog/wp-content/themes/white-buck/images/slogan.png]
[www.lookgreatnaked.com/blog/wp-content/themes/white-buck/images/search_button.png]
[www.lookgreatnaked.com/blog/wp-content/themes/white-buck/images/latest_post.png]
[www.lookgreatnaked.com/blog/wp-content/themes/white-buck/images/about_brad.png]
[www.lookgreatnaked.com/blog/wp-content/uploads/2022/09/Capture.png]
[www.lookgreatnaked.com/blog/wp-content/uploads/2022/09/Capture-300x235.png]
[www.lookgreatnaked.com/blog/wp-content/uploads/2022/02/Capture.png]
[www.lookgreatnaked.com/blog/category/bodybuilding/index.html]
[www.lookgreatnaked.com/blog/category/strength-training/index.html]
[www.lookgreatnaked.com/blog/wp-content/uploads/2021/11/Capture-1.png]
[www.lookgreatnaked.com/blog/category/uncategorized/index.html]
[www.lookgreatnaked.com/blog/wp-content/uploads/2021/11/Capture-1-300x226.png]
[www.lookgreatnaked.com/blog/should-you-reduce-volume-during-a-cut-results-from-our-original-research/index.html]
[www.lookgreatnaked.com/blog/should-you-cut-volume-during-dieting/index.html]
[www.lookgreatnaked.com/blog/wp-content/uploads/2021/11/Capture-2.png]
[www.lookgreatnaked.com/blog/does-intense-stretching-between-sets-increase-muscle-growth/index.html]
[www.lookgreatnaked.com/blog/do-you-need-to-perform-single-joint-exercises-for-optimal-muscle-building/index.html]
[www.lookgreatnaked.com/blog/wp-content/uploads/2021/11/Capture-2-300x231.png]
[www.lookgreatnaked.com/blog/understanding-mechanical-tension-part-ii-the-light-load-paradox/index.html]
[www.lookgreatnaked.com/blog/understanding-mechanical-tension-part-i-what-is-mechanical-tension/index.html]
[www.lookgreatnaked.com/blog/wp-content/uploads/2021/11/Capture.png]
[www.lookgreatnaked.com/blog/category/cardio/index.html]
[www.lookgreatnaked.com/blog/what-is-the-best-method-of-cardio-for-fat-burning/index.html]
[www.lookgreatnaked.com/blog/wp-content/uploads/2021/11/Capture-300x230.png]
[www.lookgreatnaked.com/blog/wp-content/uploads/2021/10/Capture.png]
[www.lookgreatnaked.com/blog/m-a-x-muscle-plan-foreword-by-john-meadows/index.html]
[www.lookgreatnaked.com/blog/wp-content/uploads/2021/10/Capture-300x249.png]
[www.lookgreatnaked.com/MAX_Muscle_Plan.html]
[www.lookgreatnaked.com/blog/wp-content/themes/white-buck/images/ad.jpg]
[www.lookgreatnaked.com/blog/do-you-need-to-train-to-failure-insights-from-our-new-meta-analysis/index.html]
[www.lookgreatnaked.com/blog/page/2/index.html]
[www.lookgreatnaked.com/blog/wp-content/themes/white-buck/images/rss_s.gif]
[www.lookgreatnaked.com/blog/category/exercise/index.html]
[www.lookgreatnaked.com/blog/wp-content/themes/white-buck/images/clients.png]
[www.lookgreatnaked.com/blog/category/nutrition/index.html]
[www.lookgreatnaked.com/blog/wp-content/themes/white-buck/images/fb.png]
[www.lookgreatnaked.com/blog/category/fitness/index.html]
[www.lookgreatnaked.com/blog/category/media-appearances/index.html]
[www.lookgreatnaked.com/blog/wp-content/themes/white-buck/images/tw.png]
[www.lookgreatnaked.com/blog/feed/index.html]
[www.lookgreatnaked.com/blog/wp-content/themes/white-buck/images/in.png]
[www.lookgreatnaked.com/blog/wp-content/themes/white-buck/images/yt.png]
[www.lookgreatnaked.com/blog/index.html]
[www.lookgreatnaked.com/blog/comments/feed/index.html]
[www.lookgreatnaked.com/images/layout/ultimatebooks.jpg]
[www.lookgreatnaked.com/ultimate_fitness_books.html]
[www.lookgreatnaked.com/images/layout/consult.gif]
[www.lookgreatnaked.com/brad_schoenfeld_seminars.html]
[www.lookgreatnaked.com/brad_schoenfeld_speaking.html]
[www.lookgreatnaked.com/home_gym_consulting.html]
[www.lookgreatnaked.com/corporate_fitness_consulting.html]
[www.lookgreatnaked.com/images/layout/cyber1.gif]
[www.lookgreatnaked.com/cybertraining.html]
[www.lookgreatnaked.com/online_competition_coaching.html]
[www.lookgreatnaked.com/images/layout/video-tape.gif]
[www.lookgreatnaked.com/fitness_downloads.html]
[www.lookgreatnaked.com/products.html]
[www.lookgreatnaked.com/online_presskit.html]
[www.lookgreatnaked.com/images/layout/presskit.jpg]
[www.lookgreatnaked.com/media/newsreleases.68.delayed]
[www.lookgreatnaked.com/images/layout/extra.jpg]
[www.lookgreatnaked.com/news_releases.html]
[www.lookgreatnaked.com/media_and_press.html]
[www.lookgreatnaked.com/images/testimonials/Bret_Contreras.jpg]
[www.lookgreatnaked.com/images/testimonials/Layne_Norton.jpg]
[www.lookgreatnaked.com/images/testimonials/Ben_Pakulski.jpg]
[www.lookgreatnaked.com/images/testimonials/Shonna_McCarver.jpg]
[www.lookgreatnaked.com/images/testimonials/Eric_Cressey.jpg]
[www.lookgreatnaked.com/images/testimonials/Lou_Schuler.jpg]
[www.lookgreatnaked.com/images/testimonials/Joe_Dowdell.jpg]
[www.lookgreatnaked.com/images/testimonials/John_Meadows.jpg]
[www.lookgreatnaked.com/images/testimonials/Alan_Aragon.jpg]
[www.lookgreatnaked.com/images/testimonials/TC_Luoma.jpg]
[www.lookgreatnaked.com/images/testimonials/Adam_Bornstein.jpg]
[www.lookgreatnaked.com/testimonials.html]
[www.lookgreatnaked.com/contact_brad.html]
[www.lookgreatnaked.com/blog/do-you-have-to-add-load-to-the-bar-to-build-muscle/index.html]
[www.lookgreatnaked.com/images/layout/pattern.html]
[www.lookgreatnaked.com/blog/do-you-have-to-add-load-to-the-bar-to-build-muscle/feed/index.html]
[www.lookgreatnaked.com/blog/wp-content/themes/white-buck/images/top_main.jpg]
[www.lookgreatnaked.com/blog/wp-content/themes/white-buck/images/pattern.78.delayed]
[www.lookgreatnaked.com/blog/wp-content/themes/white-buck/images/menu_bg.png]
[www.lookgreatnaked.com/blog/wp-content/themes/white-buck/images/separator.png]
[www.lookgreatnaked.com/blog/wp-content/themes/white-buck/images/search_bar.png]
[www.lookgreatnaked.com/blog/wp-content/themes/white-buck/images/footer_bg.png]
[www.lookgreatnaked.com/blog/wp-content/themes/white-buck/style.css]
[www.lookgreatnaked.com/blog/indexba53.html]
[www.lookgreatnaked.com/blog/about/index.html]
[workout911.com/wp-content/uploads/2013/03/hypertrophy.jpg]
[www.lookgreatnaked.com/blog/goings-on/index.html]
[workout911.com/wp-content/uploads/2013/03/hypertrophy-300x199.jpg]
[workout911.com/wp-content/uploads/2010/07/RachelMcLish.jpg]
[www.lookgreatnaked.com/blog/nutrient-timing-dont-let-confirmation-bias-stand-in-the-way-of-science/index.html]
[www.lookgreatnaked.com/blog/the-role-of-metabolic-stress-in-muscle-growth/index.html]
[www.lookgreatnaked.com/blog/t-nation-article-on-muscle-development/index.html]
[workout911.com/wp-content/uploads/2010/07/RachelMcLish-294x300.jpg]
[www.lookgreatnaked.com/blog/review-article-to-be-published-in-jscr/index.html]
[www.lookgreatnaked.com/blog/category/bodybuilding/index.html]
[www.lookgreatnaked.com/blog/the-sorry-state-of-female-bodybuilding/index.html]
[www.lookgreatnaked.com/blog/wp-content/uploads/2016/12/strength-endurance.jpg]
[www.lookgreatnaked.com/blog/category/stretching/index.html]
[www.lookgreatnaked.com/blog/warming-up-prior-to-resistance-training-an-excerpt-from-strong-sculpted/index.html]
[www.lookgreatnaked.com/blog/wp-content/uploads/2016/12/strength-endurance-300x125.jpg]
[www.lookgreatnaked.com/blog/category/hypertrophy/index.html]
[www.lookgreatnaked.com/blog/wp-content/uploads/2016/12/Infograph_hypertrophy_study.jpg]
[www.lookgreatnaked.com/blog/what-is-the-best-rep-range-for-muscle-strength-and-size/index.html]
[www.lookgreatnaked.com/blog/bodybuilding-vs-powerlifting-type-training-which-builds-more-strength-and-muscle/index.html]
[www.lookgreatnaked.com/blog/wp-content/uploads/2016/12/Infograph_hypertrophy_study-300x300.jpg]
[www.lookgreatnaked.com/blog/wp-content/uploads/2016/07/Forest-Plot.png]
[www.lookgreatnaked.com/blog/how-many-sets-do-you-need-to-perform-to-maximize-muscle-gains/index.html]
[www.lookgreatnaked.com/blog/wp-content/uploads/2016/07/Forest-Plot-300x123.png]
[www.lookgreatnaked.com/blog/wp-content/uploads/2016/05/Screen-Shot-2016-05-29-at-5.43.53-PM.png]
[www.lookgreatnaked.com/blog/category/studies/index.html]
[www.lookgreatnaked.com/blog/wp-content/uploads/2016/05/Screen-Shot-2016-05-29-at-5.43.53-PM-300x300.png]
[www.lookgreatnaked.com/blog/how-many-times-should-you-train-a-muscle-each-week/index.html]
[www.lookgreatnaked.com/blog/wp-content/uploads/2015/08/RTF-scale.jpg]
[www.lookgreatnaked.com/blog/how-fast-should-you-lift-to-maximize-muscle-growth/index.html]
[www.lookgreatnaked.com/blog/wp-content/uploads/2015/08/RTF-scale-300x133.jpg]
[www.lookgreatnaked.com/blog/what-is-the-ideal-rest-interval-for-muscle-growth-implications-from-our-recent-study/index.html]
[www.lookgreatnaked.com/blog/how-long-should-you-rest-between-sets-for-hypertrophy/index.html]
[www.lookgreatnaked.com/blog/wp-content/uploads/2015/05/Strength-endurance-continuum.png]
[www.lookgreatnaked.com/blog/a-better-way-to-gauge-intensity-of-effort-during-resistance-training/index.html]
[www.lookgreatnaked.com/blog/wp-content/uploads/2015/05/Strength-endurance-continuum-300x162.png]
[www.lookgreatnaked.com/blog/category/strength-training/index.html]
[www.lookgreatnaked.com/blog/does-light-load-training-build-muscle-in-experienced-lifters/index.html]
[www.lookgreatnaked.com/blog/light-load-training-can-it-build-muscle/index.html]
[www.lookgreatnaked.com/blog/category/strength-training/page/2/index.html]
[www.lookgreatnaked.com/blog/wp-content/uploads/2018/09/Boerge.png]
[www.lookgreatnaked.com/blog/more-on-the-dose-response-relationship-between-volume-and-hypertrophy/index.html]
[www.lookgreatnaked.com/blog/wp-content/uploads/2018/09/Boerge-300x207.png]
[www.lookgreatnaked.com/blog/wp-content/uploads/2018/09/Boerge-2.png]
[www.lookgreatnaked.com/blog/wp-content/uploads/2018/09/Boerge-2-300x206.png]
[www.lookgreatnaked.com/blog/wp-content/uploads/2018/03/BrainDumbbell.png]
[www.lookgreatnaked.com/blog/the-mind-muscle-connection-a-key-to-maximizing-growth/index.html]
[www.lookgreatnaked.com/blog/wp-content/uploads/2018/03/BrainDumbbell-300x170.png]
[www.lookgreatnaked.com/blog/category/uncategorized/index.html]
[www.lookgreatnaked.com/blog/should-you-reduce-volume-during-a-cut-results-from-our-original-research/index.html]
[www.lookgreatnaked.com/blog/should-you-reduce-volume-during-a-cut-results-from-our-original-research/feed/index.html]
[www.lookgreatnaked.com/blog/category/uncategorized/page/2/index.html]
[www.lookgreatnaked.com/blog/should-you-cut-volume-during-dieting/index.html]
[www.lookgreatnaked.com/blog/should-you-cut-volume-during-dieting/feed/index.html]
[www.lookgreatnaked.com/blog/does-intense-stretching-between-sets-increase-muscle-growth/index.html]
[www.lookgreatnaked.com/blog/does-intense-stretching-between-sets-increase-muscle-growth/feed/index.html]
[www.lookgreatnaked.com/blog/do-you-need-to-perform-single-joint-exercises-for-optimal-muscle-building/index.html]
[www.lookgreatnaked.com/blog/do-you-need-to-perform-single-joint-exercises-for-optimal-muscle-building/feed/index.html]
[www.lookgreatnaked.com/blog/understanding-mechanical-tension-part-ii-the-light-load-paradox/index.html]
[www.lookgreatnaked.com/blog/understanding-mechanical-tension-part-i-what-is-mechanical-tension/index.html]
[www.lookgreatnaked.com/blog/understanding-mechanical-tension-part-ii-the-light-load-paradox/feed/index.html]
[www.lookgreatnaked.com/blog/understanding-mechanical-tension-part-i-what-is-mechanical-tension/feed/index.html]
[workout911.com/wp-content/uploads/2011/03/running.jpg]
[www.lookgreatnaked.com/blog/ny-times-chimes-in-on-fasted-cardio/index.html]
[workout911.com/wp-content/uploads/2011/02/cardio_after_an_overnight_fast.jpg]
[www.lookgreatnaked.com/blog/2889/index.html]
[www.lookgreatnaked.com/blog/maximizing-fat-loss-from-cardio/index.html]
[workout911.com/wp-content/uploads/2011/02/cardio_after_an_overnight_fast-251x300.jpg]
[www.lookgreatnaked.com/blog/radio-interview-with-bodybuilder-layne-norton/index.html]
[workout911.com/wp-content/uploads/2010/08/elliptical.jpg]
[www.lookgreatnaked.com/blog/more-on-fasted-cardio/index.html]
[www.lookgreatnaked.com/blog/performing-cardio-on-an-empty-stomach/index.html]
[workout911.com/wp-content/uploads/2010/08/elliptical-300x300.jpg]
[www.lookgreatnaked.com/blog/treadmill-or-elliptical-trainer-which-burns-more-calories/index.html]
[www.lookgreatnaked.com/blog/the-myth-of-the-fat-burning-zone/index.html]
[www.lookgreatnaked.com/articles/archive/High_Intensity_Interval_Training.a2.delayed]
[workout911.com/wp-content/uploads/2009/12/running1-224x300.jpg]
[www.lookgreatnaked.com/blog/category/cardio/index.html]
[www.lookgreatnaked.com/blog/fat-burning-with-interval-training/index.html]
[www.lookgreatnaked.com/blog/what-is-the-best-method-of-cardio-for-fat-burning/index.html]
[www.lookgreatnaked.com/blog/what-is-the-best-method-of-cardio-for-fat-burning/feed/index.html]
[www.lookgreatnaked.com/blog/m-a-x-muscle-plan-foreword-by-john-meadows/index.html]
[www.lookgreatnaked.com/blog/do-you-need-to-train-to-failure-insights-from-our-new-meta-analysis/index.html]
[www.lookgreatnaked.com/blog/m-a-x-muscle-plan-foreword-by-john-meadows/feed/index.html]
[www.lookgreatnaked.com/blog/do-you-need-to-train-to-failure-insights-from-our-new-meta-analysis/feed/index.html]
[www.lookgreatnaked.com/blog/wp-content/uploads/2017/03/EBP_hierarchy.png]
[www.lookgreatnaked.com/blog/reply-to-the-letter-to-the-editor-exercise-induced-muscle-damage-and-hypertrophy-a-closer-look-reveals-the-jury-is-still-out/index.html]
[www.lookgreatnaked.com/blog/wp-content/uploads/2017/03/EBP_hierarchy-300x273.png]
[www.lookgreatnaked.com/blog/exercise-induced-muscle-damage-and-hypertrophy-a-closer-look-reveals-the-jury-is-still-out/index.html]
[www.lookgreatnaked.com/blog/tips-for-getting-and-staying-fit-in-the-new-year/index.html]
[www.lookgreatnaked.com/blog/wp-content/uploads/2016/12/Thigh_CSA.jpg]
[www.lookgreatnaked.com/blog/truth-in-science/index.html]
[www.lookgreatnaked.com/blog/wp-content/uploads/2016/12/Thigh_CSA-300x253.jpg]
[www.lookgreatnaked.com/blog/page/2/index.html]
[www.lookgreatnaked.com/blog/evidence-based-practice-in-exercise-and-nutrition-common-misconceptions-and-criticisms/index.html]
[www.lookgreatnaked.com/blog/how-long-should-you-rest-when-training-with-lighter-loads/index.html]
[www.lookgreatnaked.com/blog/why-we-need-an-evidence-based-approach-in-the-fitness-field/index.html]
[www.lookgreatnaked.com/blog/wp-content/uploads/2016/04/Undulated-Periodization.jpg]
[www.lookgreatnaked.com/blog/page/3/index.html]
[www.lookgreatnaked.com/blog/wp-content/uploads/2016/04/Undulated-Periodization-300x188.jpg]
[www.lookgreatnaked.com/blog/is-daily-undulating-periodization-best-for-muscle-growth/index.html]
[www.lookgreatnaked.com/blog/wp-content/uploads/2016/04/Table-1.jpg]
[www.lookgreatnaked.com/blog/wp-content/uploads/2016/04/Table-1-300x63.jpg]
[www.lookgreatnaked.com/blog/wp-content/uploads/2015/07/Frequency-Table.jpg]
[www.lookgreatnaked.com/blog/wp-content/uploads/2015/07/Frequency-Table-300x149.jpg]
[www.lookgreatnaked.com/blog/bro-split-versus-total-body-training-which-builds-more-muscle/index.html]
[www.lookgreatnaked.com/blog/wp-content/uploads/2014/08/Warm-up_Protocol.png]
[www.lookgreatnaked.com/blog/have-you-reached-your-muscle-building-potential/index.html]
[www.lookgreatnaked.com/blog/wp-content/uploads/2014/08/Warm-up_Protocol-300x143.png]
[www.lookgreatnaked.com/blog/category/exercise/index.html]
[www.lookgreatnaked.com/blog/new-insight-into-rest-intervals-for-muscle-growth/index.html]
[www.lookgreatnaked.com/blog/do-you-need-to-warm-up-before-lifting/index.html]
[www.lookgreatnaked.com/blog/wp-content/uploads/2015/01/Meal_Frequency.png]
[www.lookgreatnaked.com/blog/category/exercise/page/2/index.html]
[www.lookgreatnaked.com/blog/wp-content/uploads/2015/01/Meal_Frequency-300x175.png]
[www.lookgreatnaked.com/blog/is-there-a-limit-to-how-much-protein-you-can-use-for-muscle-building-in-one-sitting/index.html]
[www.lookgreatnaked.com/blog/wp-content/uploads/2014/08/Nitrogen_balance_study.png]
[www.lookgreatnaked.com/blog/are-frequent-meals-beneficial-for-body-composition/index.html]
[www.lookgreatnaked.com/blog/new-study-on-the-anabolic-window-of-opportunity/index.html]
[www.lookgreatnaked.com/blog/wp-content/uploads/2014/08/Nitrogen_balance_study-300x167.png]
[www.lookgreatnaked.com/blog/wp-content/uploads/2014/05/protein.jpg]
[www.lookgreatnaked.com/blog/wp-content/uploads/2013/12/Alan_Aragon.jpg]
[www.lookgreatnaked.com/blog/protein-timing-revisited-the-importance-of-objectivity-in-drawing-evidence-based-conclusions/index.html]
[www.lookgreatnaked.com/blog/wp-content/uploads/2013/12/Alan_Aragon-300x300.jpg]
[www.lookgreatnaked.com/blog/post-workout-nutrition-2/index.html]
[www.lookgreatnaked.com/blog/our-meta-analysis-of-protein-timing-thoughts-and-perspectives/index.html]
[www.lookgreatnaked.com/blog/low-carb-vs-balanced-diets-the-debate-rages-on/index.html]
[www.lookgreatnaked.com/blog/wp-content/uploads/2013/12/James-Head-Shot1.jpg]
[www.lookgreatnaked.com/blog/new-study-on-protein-overfeeding-a-critical-analysis/index.html]
[www.lookgreatnaked.com/blog/category/nutrition/index.html]
[www.lookgreatnaked.com/blog/calories-true-as-a-concept-futile-as-a-law/index.html]
[workout911.com/wp-content/uploads/2013/03/dymatize.jpg]
[www.lookgreatnaked.com/blog/my-new-study-on-fasted-cardio-and-fat-loss-take-home-points/index.html]
[www.lookgreatnaked.com/blog/random-thoughts-and-notes/index.html]
[workout911.com/wp-content/uploads/2013/03/dymatize-300x187.jpg]
[www.lookgreatnaked.com/blog/category/nutrition/page/2/index.html]
[workout911.com/wp-content/uploads/2013/03/strong_curves_cover.jpg]
[workout911.com/wp-content/uploads/2013/03/strong_curves_cover-234x300.jpg]
[workout911.com/wp-content/uploads/2012/02/Anoop_Balachandran.jpg]
[workout911.com/wp-content/uploads/2012/02/bloodlettingbasedonthehumoraltheory.jpg]
[workout911.com/wp-content/uploads/2012/02/Dr.Spockbabyssleepingpositionadvice1.png]
[workout911.com/wp-content/uploads/2011/12/exercise_books1.jpg]
[www.lookgreatnaked.com/blog/10-books-every-fitness-professional-should-read-and-own/index.html]
[workout911.com/wp-content/uploads/2011/12/exercise_books1-300x218.jpg]
[www.lookgreatnaked.com/blog/another-blow-to-toning-shoes/index.html]
[workout911.com/wp-content/uploads/2011/09/model.jpg]
[www.lookgreatnaked.com/blog/long-and-lean/index.html]
[workout911.com/wp-content/uploads/2011/09/model-121x300.jpg]
[www.lookgreatnaked.com/services/28dayshapeover.cc.delayed]
[www.lookgreatnaked.com/blog/10-must-read-fitness-blogs/index.html]
[www.lookgreatnaked.com/blog/category/fitness/index.html]
[www.lookgreatnaked.com/blog/28-day-body-shapeover-review/index.html]
[www.lookgreatnaked.com/blog/category/fitness/page/2/index.html]
[www.lookgreatnaked.com/blog/wp-content/uploads/2016/06/Cover_Final.jpg]
[www.lookgreatnaked.com/blog/wp-content/uploads/2016/06/Cover_Final-232x300.jpg]
[www.lookgreatnaked.com/blog/category/speaking/index.html]
[www.lookgreatnaked.com/blog/wp-content/uploads/2016/06/Bropocalypse.jpg]
[www.lookgreatnaked.com/blog/random-thoughts-and-happenings-4/index.html]
[www.lookgreatnaked.com/blog/wp-content/uploads/2016/06/Bropocalypse-220x300.jpg]
[www.lookgreatnaked.com/services/womens_home_workout_bible.d2.delayed]
[www.lookgreatnaked.com/blog/category/personal-training/index.html]
[www.lookgreatnaked.com/blog/ptc-featured-in-journal-news/index.html]
[workout911.com/wp-content/uploads/2010/05/Schoenfeld_webinar_250px.jpg]
[www.lookgreatnaked.com/blog/interview-with-npr-radio/index.html]
[www.lookgreatnaked.com/blog/facts-and-fallacies-of-fitness-webinar/index.html]
[workout911.com/wp-content/uploads/2010/01/PIC_0118-300x225.jpg]
[www.lookgreatnaked.com/blog/category/ab-training/index.html]
[www.lookgreatnaked.com/blog/category/media-appearances/index.html]
[www.lookgreatnaked.com/blog/appearance-on-weekend-today-in-ny/index.html]
[www.lookgreatnaked.com/blog/nsca-webinar/index.html]
[www.lookgreatnaked.com/blog/gannett-newspaper-feature-article/index.html]
[www.lookgreatnaked.com/images/products/MMP202E_Cover.jpg]
[www.lookgreatnaked.com/blog/video-of-today-in-ny-appearance/index.html]
[www.lookgreatnaked.com/blog/appearance-on-today-in-new-york/index.html]
[www.lookgreatnaked.com/blog/book-signing-photos/index.html]
[www.lookgreatnaked.com/blog/category/media-appearances/page/2/index.html]
[books.google.com/books/javascript/f.txt]
[www.lookgreatnaked.com/flowplayer/flowplayer-3.1.5.swf]
[www.lookgreatnaked.com/MAX_Muscle_Plan.html]
[www.lookgreatnaked.com/Science_and_Development_of_Muscle_Hypertrophy.html]
[www.lookgreatnaked.com/images/products/Science_and_Development_of_Muscle_Hypertrophy.jpg]
[www.lookgreatnaked.com/ultimate_fitness_books.html]
